warning: Git tree '/code/gleam-dream/llm_wire' is dirty
  Compiling llm_wire
   Compiled in 0.78s
    Running llm_wire_test.main
[32m.[39m[32m.[39m[32m.[39m[32m.[39m[32m.[39m[32m.[39m[32m.[39m[32m.[39m[32m.[39m[32m.[39m[32m.[39m[32m.[39m[32m.[39m[32m.[39m[32m.[39m[32m.[39m[32m.[39m[32m.[39m[32m.[39m[32m.[39m[32m.[39m[32m.[39m[32m.[39m[32m.[39m[32m.[39m[32m.[39m[32m.[39m[32m.[39m[32m.[39m[32m.[39m[32m.[39m[32m.[39m[32m.[39m[32m.[39m[32m.[39m[32m.[39m[32m.[39m[32m.[39m[32m.[39m[32m.[39m[32m.[39m[32m.[39m[32m.[39m[32m.[39m[32m.[39m[32m.[39m[32m.[39m[32m.[39m[32m.[39m[32m.[39m[32m.[39m[32m.[39m[32m.[39m[32m.[39m[32m.[39m[32m.[39m[32m.[39m[32m.[39m[32m.[39m[32m.[39m[32m.[39m[32m.[39m[32m.[39m[32m.[39m[32m.[39m[32m.[39m[32m.[39m[32m.[39m[32m.[39m[32m.[39m[32m.[39m[32m.[39m[32m.[39m[32m.[39m[32m.[39m[32m.[39m[32m.[39m[32m.[39m[32m.[39m[32m.[39m[32m.[39m[32m.[39m[32m.[39m[32m.[39m[32m.[39m[32m.[39m[32m.[39m[32m.[39m[32m.[39m=NOTICE REPORT==== 30-Sep-2026::16:09:00.317835 ===
TLS client: In state wait_cert_cr at ssl_handshake.erl:2226 generated CLIENT ALERT: Fatal - Bad Certificate
 - {bad_cert,{hostname_check_failed,{requested,"localhost"},
                                    {received,[{iPAddress,<<127,0,0,1>>}]}}}
=NOTICE REPORT==== 30-Sep-2026::16:09:00.320001 ===
TLS server: In state wait_finished received CLIENT ALERT: Fatal - Bad Certificate

=SUPERVISOR REPORT==== 30-Sep-2026::16:09:00.324199 ===
    supervisor: {local,'glisten_connection_supervisor$195'}
    errorContext: child_terminated
    reason: <<"Failed to handshake socket">>
    offender: [{pid,<0.625.0>},
               {id,0},
               {mfargs,
                   {gleam@otp@factory_supervisor,start_child_callback,
                       undefined}},
               {restart_type,temporary},
               {significant,false},
               {shutdown,5000},
               {child_type,worker}]

[32m.[39m=NOTICE REPORT==== 30-Sep-2026::16:09:00.397807 ===
TLS client: In state wait_cert_cr at ssl_handshake.erl:2218 generated CLIENT ALERT: Fatal - Unknown CA

=NOTICE REPORT==== 30-Sep-2026::16:09:00.398982 ===
TLS server: In state wait_finished received CLIENT ALERT: Fatal - Unknown CA

=SUPERVISOR REPORT==== 30-Sep-2026::16:09:00.399209 ===
    supervisor: {local,'glisten_connection_supervisor$2692'}
    errorContext: child_terminated
    reason: <<"Failed to handshake socket">>
    offender: [{pid,<0.660.0>},
               {id,0},
               {mfargs,
                   {gleam@otp@factory_supervisor,start_child_callback,
                       undefined}},
               {restart_type,temporary},
               {significant,false},
               {shutdown,5000},
               {child_type,worker}]

[32m.[39m[32m.[39m[32m.[39m[32m.[39m[32m.[39m[32m.[39m[32m.[39m[32m.[39m[32m.[39m[32m.[39m[32m.[39m[32m.[39m[32m.[39m[32m.[39m
[1m[31mlet assert[39m[22m [90mtest/llm_wire_owner_test.gleam:93[39m
[36m test[39m: llm_wire_owner_test.copied_handles_close_concurrently_and_idempotently_test
[36m code[39m: let assert Ok(Ok(_)) = process.receive(done, 6000)
[36mvalue[39m: Ok(Error(ReadTimeout))
[36m info[39m: Pattern match failed, no pattern matched the value.
[32m.[39m[32m.[39m[32m.[39m[32m.[39m[32m.[39m[32m.[39m[32m.[39m[32m.[39m[32m.[39m[32m.[39m[32m.[39m[32m.[39m[32m.[39m[32m.[39m[32m.[39m[32m.[39m[32m.[39m[32m.[39m[32m.[39m[32m.[39m[32m.[39m[32m.[39m[32m.[39m[32m.[39m[32m.[39m[32m.[39m[32m.[39m[32m.[39m[32m.[39m[32m.[39m[32m.[39m[32m.[39m[32m.[39m[32m.[39m[32m.[39m[32m.[39m[32m.[39m[32m.[39m[32m.[39m[32m.[39m[32m.[39m[32m.[39m[32m.[39m[32m.[39m[32m.[39m[32m.[39m[32m.[39m[32m.[39m[32m.[39m[32m.[39m[32m.[39m[32m.[39m[32m.[39m[32m.[39m[32m.[39m[32m.[39m[32m.[39m[32m.[39m[32m.[39m[32m.[39m[32m.[39m[32m.[39m[32m.[39m[32m.[39m[32m.[39m[32m.[39m[32m.[39m[32m.[39m[32m.[39m[32m.[39m[32m.[39m[32m.[39m[32m.[39m[32m.[39m[32m.[39m[32m.[39m[32m.[39m[32m.[39m[32m.[39m[32m.[39m[32m.[39m[32m.[39m[32m.[39m[32m.[39m[32m.[39m[32m.[39m[32m.[39m[32m.[39m[32m.[39m[32m.[39m[32m.[39m[32m.[39m[32m.[39m[32m.[39m[32m.[39m[32m.[39m[32m.[39m[32m.[39m[32m.[39m[32m.[39m[32m.[39m[32m.[39m[32m.[39m[32m.[39m[32m.[39m[32m.[39m[32m.[39m[32m.[39m[32m.[39m[32m.[39m[32m.[39m[32m.[39m[32m.[39m[32m.[39m[31m
218 passed, 1 failures[39m
