warning: Git tree '/code/gleam-dream/llm_wire' is dirty
  Resolving versions
Downloading packages
 Downloaded 12 packages in 0.05s
  Compiling cowlib
===> Analyzing applications...
===> Compiling cowlib
  Compiling gleam_stdlib
  Compiling file_streams
  Compiling filepath
  Compiling gleam_crypto
  Compiling gleam_erlang
  Compiling gleam_http
  Compiling gleam_json
  Compiling gleam_otp
  Compiling gun
===> Analyzing applications...
===> Compiling gun
  Compiling simplifile
  Compiling http_gun
  Compiling json_blueprint
  Compiling telemetry
===> Analyzing applications...
===> Compiling telemetry
  Compiling sinal
  Compiling llm_wire
   Compiled in 15.23s
