warning: Git tree '/code/gleam-dream/llm_wire' is dirty
  Compiling llm_wire
warning: Unused imported module
   ┌─ /code/gleam-dream/llm_wire/src/llm_wire/testing.gleam:14:1
   │
14 │ import gleam/result
   │ ^^^^^^^^^^^^^^^^^^^ This imported module is never used

Hint: You can safely remove it.

warning: Unused imported module
   ┌─ /code/gleam-dream/llm_wire/src/llm_wire/testing.gleam:15:1
   │
15 │ import gleam/string
   │ ^^^^^^^^^^^^^^^^^^^ This imported module is never used

Hint: You can safely remove it.

warning: Unused imported item
  ┌─ /code/gleam-dream/llm_wire/test/llm_wire_session_test.gleam:8:22
  │
8 │ import gleam/option.{None, Some}
  │                      ^^^^ This imported constructor is never used

Hint: You can safely remove it.

   Compiled in 0.74s
    Running llm_wire_test.main
[32m.[39m[32m.[39m[32m.[39m[32m.[39m[32m.[39m[32m.[39m[32m.[39m[32m.[39m[32m.[39m[32m.[39m[32m.[39m[32m.[39m[32m.[39m[32m.[39m[32m.[39m[32m.[39m[32m.[39m[32m.[39m[32m.[39m[32m.[39m[32m.[39m[32m.[39m[32m.[39m[32m.[39m[32m.[39m[32m.[39m[32m.[39m[32m.[39m[32m.[39m[32m.[39m[32m.[39m[32m.[39m[32m.[39m[32m.[39m[32m.[39m[32m.[39m[32m.[39m[32m.[39m[32m.[39m[32m.[39m[32m.[39m[32m.[39m[32m.[39m[32m.[39m[32m.[39m[32m.[39m[32m.[39m[32m.[39m[32m.[39m[32m.[39m[32m.[39m[32m.[39m[32m.[39m[32m.[39m[32m.[39m[32m.[39m[32m.[39m[32m.[39m[32m.[39m[32m.[39m[32m.[39m[32m.[39m[32m.[39m[32m.[39m[32m.[39m[32m.[39m[32m.[39m[32m.[39m[32m.[39m[32m.[39m[32m.[39m[32m.[39m[32m.[39m[32m.[39m[32m.[39m[32m.[39m[32m.[39m[32m.[39m[32m.[39m[32m.[39m[32m.[39m[32m.[39m[32m.[39m[32m.[39m[32m.[39m[32m.[39m[32m.[39m[32m.[39m[32m.[39m=NOTICE REPORT==== 30-Sep-2026::15:53:08.712035 ===
TLS server: In state wait_finished received CLIENT ALERT: Fatal - Bad Certificate

=NOTICE REPORT==== 30-Sep-2026::15:53:08.710781 ===
TLS client: In state wait_cert_cr at ssl_handshake.erl:2226 generated CLIENT ALERT: Fatal - Bad Certificate
 - {bad_cert,{hostname_check_failed,{requested,"localhost"},
                                    {received,[{iPAddress,<<127,0,0,1>>}]}}}
=SUPERVISOR REPORT==== 30-Sep-2026::15:53:08.714626 ===
    supervisor: {local,'glisten_connection_supervisor$450'}
    errorContext: child_terminated
    reason: <<"Failed to handshake socket">>
    offender: [{pid,<0.625.0>},
               {id,0},
               {mfargs,
                   {gleam@otp@factory_supervisor,start_child_callback,
                       undefined}},
               {restart_type,temporary},
               {significant,false},
               {shutdown,5000},
               {child_type,worker}]

[32m.[39m=NOTICE REPORT==== 30-Sep-2026::15:53:08.763772 ===
TLS client: In state wait_cert_cr at ssl_handshake.erl:2218 generated CLIENT ALERT: Fatal - Unknown CA

[32m.[39m[32m.[39m[32m.[39m[32m.[39m[32m.[39m[32m.[39m[32m.[39m[32m.[39m[32m.[39m[32m.[39m[32m.[39m[32m.[39m[32m.[39m[32m.[39m[32m.[39m[32m.[39m[32m.[39m[32m.[39m[32m.[39m[32m.[39m[32m.[39m[32m.[39m[32m.[39m[32m.[39m[32m.[39m[32m.[39m[32m.[39m
[1m[31mlet assert[39m[22m [90mtest/llm_wire_pool_test.gleam:110[39m
[36m test[39m: llm_wire_pool_test.queue_deadline_releases_only_its_waiter_test
[36m code[39m: let assert Error(session.RunFailure(types.DeadlineExceeded(types.OverallDeadline), _)) = session.run(client, request(server.port, 50))
[36mvalue[39m: Error(RunFailure(TransportError("Stream owner unavailable"), RetryEvidence(EffectUnknown, True, True)))
[36m info[39m: Pattern match failed, no pattern matched the value.
[32m.[39m[32m.[39m[32m.[39m[32m.[39m[32m.[39m[32m.[39m[32m.[39m[32m.[39m[32m.[39m[32m.[39m[32m.[39m[32m.[39m[32m.[39m[32m.[39m[32m.[39m[32m.[39m[32m.[39m[32m.[39m[32m.[39m[32m.[39m[32m.[39m[32m.[39m[32m.[39m[32m.[39m[32m.[39m[32m.[39m[32m.[39m[32m.[39m[32m.[39m[32m.[39m[32m.[39m[32m.[39m[32m.[39m[32m.[39m[32m.[39m[32m.[39m[32m.[39m[32m.[39m[32m.[39m[32m.[39m[32m.[39m[32m.[39m[32m.[39m[32m.[39m[32m.[39m[32m.[39m[32m.[39m[32m.[39m[32m.[39m[32m.[39m[32m.[39m[32m.[39m[32m.[39m[32m.[39m[32m.[39m[32m.[39m[32m.[39m[32m.[39m[32m.[39m[32m.[39m[32m.[39m[32m.[39m[32m.[39m[32m.[39m[32m.[39m[32m.[39m[32m.[39m[32m.[39m[32m.[39m[32m.[39m[32m.[39m[32m.[39m[32m.[39m[32m.[39m[32m.[39m[32m.[39m[32m.[39m[32m.[39m[32m.[39m[32m.[39m[32m.[39m[32m.[39m[32m.[39m[32m.[39m[32m.[39m[32m.[39m[32m.[39m[32m.[39m[32m.[39m[32m.[39m[32m.[39m[32m.[39m[32m.[39m[32m.[39m[32m.[39m[32m.[39m[32m.[39m[32m.[39m[32m.[39m[31m
216 passed, 1 failures[39m
