warning: Git tree '/code/gleam-dream/llm_wire' is dirty
  Compiling llm_wire
   Compiled in 0.57s
    Running llm_wire_test.main
[32m.[39m[32m.[39m[32m.[39m[32m.[39m[32m.[39m[32m.[39m[32m.[39m[32m.[39m[32m.[39m[32m.[39m[32m.[39m[32m.[39m[32m.[39m[32m.[39m[32m.[39m[32m.[39m[32m.[39m[32m.[39m[32m.[39m[32m.[39m[32m.[39m[32m.[39m[32m.[39m[32m.[39m[32m.[39m[32m.[39m[32m.[39m[32m.[39m[32m.[39m[32m.[39m[32m.[39m[32m.[39m[32m.[39m[32m.[39m[32m.[39m[32m.[39m[32m.[39m[32m.[39m[32m.[39m[32m.[39m[32m.[39m[32m.[39m[32m.[39m[32m.[39m[32m.[39m[32m.[39m[32m.[39m[32m.[39m[32m.[39m[32m.[39m[32m.[39m[32m.[39m[32m.[39m[32m.[39m[32m.[39m[32m.[39m[32m.[39m[32m.[39m[32m.[39m[32m.[39m[32m.[39m[32m.[39m[32m.[39m[32m.[39m[32m.[39m[32m.[39m[32m.[39m[32m.[39m[32m.[39m[32m.[39m[32m.[39m[32m.[39m[32m.[39m[32m.[39m[32m.[39m[32m.[39m[32m.[39m[32m.[39m[32m.[39m[32m.[39m[32m.[39m[32m.[39m[32m.[39m[32m.[39m[32m.[39m[32m.[39m[32m.[39m[32m.[39m[32m.[39m[32m.[39m=NOTICE REPORT==== 30-Sep-2026::15:42:08.083279 ===
TLS server: In state wait_finished received CLIENT ALERT: Fatal - Bad Certificate

=NOTICE REPORT==== 30-Sep-2026::15:42:08.083208 ===
TLS client: In state wait_cert_cr at ssl_handshake.erl:2226 generated CLIENT ALERT: Fatal - Bad Certificate
 - {bad_cert,{hostname_check_failed,{requested,"localhost"},
                                    {received,[{iPAddress,<<127,0,0,1>>}]}}}
=SUPERVISOR REPORT==== 30-Sep-2026::15:42:08.085590 ===
    supervisor: {local,'glisten_connection_supervisor$450'}
    errorContext: child_terminated
    reason: <<"Failed to handshake socket">>
    offender: [{pid,<0.564.0>},
               {id,0},
               {mfargs,
                   {gleam@otp@factory_supervisor,start_child_callback,
                       undefined}},
               {restart_type,temporary},
               {significant,false},
               {shutdown,5000},
               {child_type,worker}]

[32m.[39m=NOTICE REPORT==== 30-Sep-2026::15:42:08.131365 ===
TLS client: In state wait_cert_cr at ssl_handshake.erl:2218 generated CLIENT ALERT: Fatal - Unknown CA

=NOTICE REPORT==== 30-Sep-2026::15:42:08.131457 ===
TLS server: In state wait_finished received CLIENT ALERT: Fatal - Unknown CA

=SUPERVISOR REPORT==== 30-Sep-2026::15:42:08.132441 ===
    supervisor: {local,'glisten_connection_supervisor$195'}
    errorContext: child_terminated
    reason: <<"Failed to handshake socket">>
    offender: [{pid,<0.594.0>},
               {id,0},
               {mfargs,
                   {gleam@otp@factory_supervisor,start_child_callback,
                       undefined}},
               {restart_type,temporary},
               {significant,false},
               {shutdown,5000},
               {child_type,worker}]

[32m.[39m[32m.[39m[32m.[39m[32m.[39m[32m.[39m[32m.[39m[32m.[39m[32m.[39m[32m.[39m[32m.[39m[32m.[39m[32m.[39m[32m.[39m[32m.[39m[32m.[39m[32m.[39m[32m.[39m[32m.[39m[32m.[39m[32m.[39m[32m.[39m[32m.[39m[32m.[39m[32m.[39m[32m.[39m[32m.[39m[32m.[39m[32m.[39m[32m.[39m[32m.[39m[32m.[39m[32m.[39m[32m.[39m[32m.[39m[32m.[39m[32m.[39m[32m.[39m[32m.[39m[32m.[39m[32m.[39m[32m.[39m[32m.[39m[32m.[39m[32m.[39m[32m.[39m[32m.[39m[32m.[39m[32m.[39m[32m.[39m[32m.[39m[32m.[39m[32m.[39m[32m.[39m[32m.[39m[32m.[39m[32m.[39m[32m.[39m[32m.[39m[32m.[39m[32m.[39m[32m.[39m[32m.[39m[32m.[39m[32m.[39m[32m.[39m[32m.[39m[32m.[39m[32m.[39m[32m.[39m[32m.[39m[32m.[39m[32m.[39m[32m.[39m[32m.[39m[32m.[39m[32m.[39m[32m.[39m[32m.[39m[32m.[39m[32m.[39m[32m.[39m[32m.[39m[32m.[39m[32m.[39m[32m.[39m[32m.[39m[32m.[39m[32m.[39m[32m.[39m[32m.[39m[32m.[39m[32m.[39m[32m.[39m[32m.[39m[32m.[39m[32m.[39m[32m.[39m[32m.[39m[32m.[39m[32m.[39m[32m.[39m[32m.[39m[32m.[39m[32m.[39m[32m.[39m[32m.[39m[32m.[39m[32m.[39m[32m.[39m[32m.[39m[32m.[39m[32m.[39m[32m.[39m[32m.[39m[32m.[39m[32m.[39m[32m.[39m[32m.[39m[32m.[39m[32m.[39m[32m.[39m[32m.[39m[32m.[39m[32m.[39m[32m.[39m[32m.[39m[32m
217 passed, no failures[39m
